// Vitest Snapshot v1, https://vitest.dev/guide/snapshot.html

exports[`mapCategory — published taxonomies > snapshot: full v2 mapping (review any change deliberately) 1`] = `
{
  "BANK_FEES_ATM_FEES": "other",
  "BANK_FEES_CASH_ADVANCE": "other",
  "BANK_FEES_FOREIGN_TRANSACTION_FEES": "other",
  "BANK_FEES_INSUFFICIENT_FUNDS": "other",
  "BANK_FEES_INTEREST_CHARGE": "other",
  "BANK_FEES_LATE_FEES": "other",
  "BANK_FEES_OTHER_BANK_FEES": "other",
  "BANK_FEES_OVERDRAFT_FEES": "other",
  "ENTERTAINMENT_CASINOS_AND_GAMBLING": "discretionary",
  "ENTERTAINMENT_MUSIC_AND_AUDIO": "discretionary",
  "ENTERTAINMENT_OTHER_ENTERTAINMENT": "discretionary",
  "ENTERTAINMENT_SPORTING_EVENTS_AMUSEMENT_PARKS_AND_MUSEUMS": "discretionary",
  "ENTERTAINMENT_TV_AND_MOVIES": "discretionary",
  "ENTERTAINMENT_VIDEO_GAMES": "discretionary",
  "FOOD_AND_DRINK_BEER_WINE_AND_LIQUOR": "dining",
  "FOOD_AND_DRINK_COFFEE": "dining",
  "FOOD_AND_DRINK_FAST_FOOD": "dining",
  "FOOD_AND_DRINK_GROCERIES": "groceries",
  "FOOD_AND_DRINK_OTHER_FOOD_AND_DRINK": "dining",
  "FOOD_AND_DRINK_RESTAURANT": "dining",
  "FOOD_AND_DRINK_VENDING_MACHINES": "dining",
  "GENERAL_MERCHANDISE_BOOKSTORES_AND_NEWSSTANDS": "shopping",
  "GENERAL_MERCHANDISE_CLOTHING_AND_ACCESSORIES": "shopping",
  "GENERAL_MERCHANDISE_CONVENIENCE_STORES": "shopping",
  "GENERAL_MERCHANDISE_DEPARTMENT_STORES": "shopping",
  "GENERAL_MERCHANDISE_DISCOUNT_STORES": "shopping",
  "GENERAL_MERCHANDISE_ELECTRONICS": "shopping",
  "GENERAL_MERCHANDISE_GIFTS_AND_NOVELTIES": "shopping",
  "GENERAL_MERCHANDISE_OFFICE_SUPPLIES": "shopping",
  "GENERAL_MERCHANDISE_ONLINE_MARKETPLACES": "shopping",
  "GENERAL_MERCHANDISE_OTHER_GENERAL_MERCHANDISE": "shopping",
  "GENERAL_MERCHANDISE_PET_SUPPLIES": "shopping",
  "GENERAL_MERCHANDISE_SPORTING_GOODS": "shopping",
  "GENERAL_MERCHANDISE_SUPERSTORES": "shopping",
  "GENERAL_MERCHANDISE_TOBACCO_AND_VAPE": "shopping",
  "GENERAL_SERVICES_ACCOUNTING_AND_FINANCIAL_PLANNING": "other",
  "GENERAL_SERVICES_AUTOMOTIVE": "transport",
  "GENERAL_SERVICES_CHILDCARE": "other",
  "GENERAL_SERVICES_CONSULTING_AND_LEGAL": "other",
  "GENERAL_SERVICES_EDUCATION": "other",
  "GENERAL_SERVICES_INSURANCE": "insurance",
  "GENERAL_SERVICES_OTHER_GENERAL_SERVICES": "other",
  "GENERAL_SERVICES_POSTAGE_AND_SHIPPING": "other",
  "GENERAL_SERVICES_STORAGE": "other",
  "GOVERNMENT_AND_NON_PROFIT_DONATIONS": "other",
  "GOVERNMENT_AND_NON_PROFIT_GOVERNMENT_DEPARTMENTS_AND_AGENCIES": "other",
  "GOVERNMENT_AND_NON_PROFIT_OTHER_GOVERNMENT_AND_NON_PROFIT": "other",
  "GOVERNMENT_AND_NON_PROFIT_TAX_PAYMENT": "other",
  "HOME_IMPROVEMENT_FURNITURE": "housing",
  "HOME_IMPROVEMENT_HARDWARE": "housing",
  "HOME_IMPROVEMENT_OTHER_HOME_IMPROVEMENT": "housing",
  "HOME_IMPROVEMENT_REPAIR_AND_MAINTENANCE": "housing",
  "HOME_IMPROVEMENT_SECURITY": "housing",
  "INCOME_CHILD_SUPPORT": "income",
  "INCOME_CONTRACTOR": "income",
  "INCOME_DIVIDENDS": "income",
  "INCOME_GIG_ECONOMY": "income",
  "INCOME_INTEREST_EARNED": "income",
  "INCOME_LONG_TERM_DISABILITY": "income",
  "INCOME_MILITARY": "income",
  "INCOME_OTHER": "income",
  "INCOME_RENTAL": "income",
  "INCOME_RETIREMENT_PENSION": "income",
  "INCOME_SALARY": "income",
  "INCOME_TAX_REFUND": "income",
  "INCOME_UNEMPLOYMENT": "income",
  "LOAN_DISBURSEMENTS_AUTO": "other",
  "LOAN_DISBURSEMENTS_CASH_ADVANCES": "other",
  "LOAN_DISBURSEMENTS_EWA": "other",
  "LOAN_DISBURSEMENTS_MORTGAGE": "other",
  "LOAN_DISBURSEMENTS_OTHER_DISBURSEMENT": "other",
  "LOAN_DISBURSEMENTS_PERSONAL": "other",
  "LOAN_DISBURSEMENTS_STUDENT": "other",
  "LOAN_PAYMENTS_BNPL": "debt_payment",
  "LOAN_PAYMENTS_CAR_PAYMENT": "debt_payment",
  "LOAN_PAYMENTS_CASH_ADVANCES": "debt_payment",
  "LOAN_PAYMENTS_CREDIT_CARD_PAYMENT": "debt_payment",
  "LOAN_PAYMENTS_EWA": "debt_payment",
  "LOAN_PAYMENTS_MORTGAGE_PAYMENT": "housing",
  "LOAN_PAYMENTS_OTHER_PAYMENT": "debt_payment",
  "LOAN_PAYMENTS_PERSONAL_LOAN_PAYMENT": "debt_payment",
  "LOAN_PAYMENTS_STUDENT_LOAN_PAYMENT": "debt_payment",
  "MEDICAL_DENTAL_CARE": "health",
  "MEDICAL_EYE_CARE": "health",
  "MEDICAL_NURSING_CARE": "health",
  "MEDICAL_OTHER_MEDICAL": "health",
  "MEDICAL_PHARMACIES_AND_SUPPLEMENTS": "health",
  "MEDICAL_PRIMARY_CARE": "health",
  "MEDICAL_VETERINARY_SERVICES": "health",
  "OTHER_OTHER": "other",
  "PERSONAL_CARE_GYMS_AND_FITNESS_CENTERS": "discretionary",
  "PERSONAL_CARE_HAIR_AND_BEAUTY": "discretionary",
  "PERSONAL_CARE_LAUNDRY_AND_DRY_CLEANING": "discretionary",
  "PERSONAL_CARE_OTHER_PERSONAL_CARE": "discretionary",
  "RENT_AND_UTILITIES_GAS_AND_ELECTRICITY": "utilities",
  "RENT_AND_UTILITIES_INTERNET_AND_CABLE": "utilities",
  "RENT_AND_UTILITIES_OTHER_UTILITIES": "utilities",
  "RENT_AND_UTILITIES_RENT": "housing",
  "RENT_AND_UTILITIES_SEWAGE_AND_WASTE_MANAGEMENT": "utilities",
  "RENT_AND_UTILITIES_TELEPHONE": "utilities",
  "RENT_AND_UTILITIES_WATER": "utilities",
  "TRANSFER_IN_ACCOUNT_TRANSFER": "other",
  "TRANSFER_IN_DEPOSIT": "other",
  "TRANSFER_IN_INVESTMENT_AND_RETIREMENT_FUNDS": "other",
  "TRANSFER_IN_OTHER_TRANSFER_IN": "other",
  "TRANSFER_IN_SAVINGS": "other",
  "TRANSFER_IN_TRANSFER_IN_FROM_APPS": "other",
  "TRANSFER_IN_WIRE": "other",
  "TRANSFER_OUT_ACCOUNT_TRANSFER": "other",
  "TRANSFER_OUT_CRYPTO": "other",
  "TRANSFER_OUT_INVESTMENT_AND_RETIREMENT_FUNDS": "savings",
  "TRANSFER_OUT_OTHER_TRANSFER_OUT": "other",
  "TRANSFER_OUT_SAVINGS": "savings",
  "TRANSFER_OUT_TRANSFER_OUT_FROM_APPS": "other",
  "TRANSFER_OUT_WIRE": "other",
  "TRANSFER_OUT_WITHDRAWAL": "other",
  "TRANSPORTATION_BIKES_AND_SCOOTERS": "transport",
  "TRANSPORTATION_GAS": "transport",
  "TRANSPORTATION_OTHER_TRANSPORTATION": "transport",
  "TRANSPORTATION_PARKING": "transport",
  "TRANSPORTATION_PUBLIC_TRANSIT": "transport",
  "TRANSPORTATION_TAXIS_AND_RIDE_SHARES": "transport",
  "TRANSPORTATION_TOLLS": "transport",
  "TRAVEL_FLIGHTS": "discretionary",
  "TRAVEL_LODGING": "discretionary",
  "TRAVEL_OTHER_TRAVEL": "discretionary",
  "TRAVEL_RENTAL_CARS": "discretionary",
}
`;
